main.c:81:5:main	8	static
main.c:125:6:SystemClock_Config	72	static
main.c:161:13:MX_TIM2_Init	32	static
main.c:206:13:MX_GPIO_Init	32	static
main.c:256:7:HAL_TIM_PeriodElapsedCallback	16	static
main.c:259:7:Display7SEG	16	static
main.c:354:6:Exercise1_Run	16	static
main.c:379:6:Exercise2_Run	16	static
main.c:430:6:Exercise3_Run	48	static
main.c:488:6:Exercise4_Run	48	static
main.c:551:7:updateClockBuffer	16	static
main.c:546:6:Exercise5_Run	64	static
main.c:626:6:clearMatrix	8	static
main.c:636:6:clearMatrixRow	16	static
main.c:666:6:updateLEDMatrix	16	static
main.c:705:6:Exercise9_Run	16	static
main.c:720:6:Exercise10_Run	24	static
main.c:747:6:Error_Handler	4	static,ignoring_inline_asm
